ok  	github.com/opd-ai/bostonfear/client/ebiten	1.018s
?   	github.com/opd-ai/bostonfear/client/ebiten/app	[no test files]
?   	github.com/opd-ai/bostonfear/client/ebiten/render	[no test files]
?   	github.com/opd-ai/bostonfear/cmd/desktop	[no test files]
?   	github.com/opd-ai/bostonfear/cmd/mobile	[no test files]
ok  	github.com/opd-ai/bostonfear/cmd/server	7.380s
